// Jest Snapshot v1, https://goo.gl/fbAQLP

exports[`check that index page can be rendered 1`] = `
Array [
  <div
    className="MuiBox-root css-15lzmko"
  >
    <header
      className="MuiPaper-root MuiPaper-elevation MuiPaper-elevation4 MuiAppBar-root MuiAppBar-colorPrimary MuiAppBar-positionStatic css-hip9hq-MuiPaper-root-MuiAppBar-root"
    >
      <div
        className="MuiToolbar-root MuiToolbar-gutters MuiToolbar-regular css-hyum1k-MuiToolbar-root"
      >
        <button
          aria-label="menu"
          className="MuiButtonBase-root MuiIconButton-root MuiIconButton-colorInherit MuiIconButton-edgeStart MuiIconButton-sizeLarge css-ancrnh-MuiButtonBase-root-MuiIconButton-root"
          disabled={false}
          onBlur={[Function]}
          onClick={[Function]}
          onContextMenu={[Function]}
          onDragLeave={[Function]}
          onFocus={[Function]}
          onKeyDown={[Function]}
          onKeyUp={[Function]}
          onMouseDown={[Function]}
          onMouseLeave={[Function]}
          onMouseUp={[Function]}
          onTouchEnd={[Function]}
          onTouchMove={[Function]}
          onTouchStart={[Function]}
          tabIndex={0}
          type="button"
        >
          <svg
            aria-hidden={true}
            className="MuiSvgIcon-root MuiSvgIcon-fontSizeMedium css-i4bv87-MuiSvgIcon-root"
            data-testid="GitHubIcon"
            focusable="false"
            viewBox="0 0 24 24"
          >
            <path
              d="M12 1.27a11 11 0 00-3.48 21.46c.55.09.73-.28.73-.55v-1.84c-3.03.64-3.67-1.46-3.67-1.46-.55-1.29-1.28-1.65-1.28-1.65-.92-.65.1-.65.1-.65 1.1 0 1.73 1.1 1.73 1.1.92 1.65 2.57 1.2 3.21.92a2 2 0 01.64-1.47c-2.47-.27-5.04-1.19-5.04-5.5 0-1.1.46-2.1 1.2-2.84a3.76 3.76 0 010-2.93s.91-.28 3.11 1.1c1.8-.49 3.7-.49 5.5 0 2.1-1.38 3.02-1.1 3.02-1.1a3.76 3.76 0 010 2.93c.83.74 1.2 1.74 1.2 2.94 0 4.21-2.57 5.13-5.04 5.4.45.37.82.92.82 2.02v3.03c0 .27.1.64.73.55A11 11 0 0012 1.27"
            />
          </svg>
        </button>
        <a
          aria-label="menu"
          className="MuiButtonBase-root MuiIconButton-root MuiIconButton-colorInherit MuiIconButton-edgeStart MuiIconButton-sizeLarge css-ancrnh-MuiButtonBase-root-MuiIconButton-root"
          href="/"
          onBlur={[Function]}
          onContextMenu={[Function]}
          onDragLeave={[Function]}
          onFocus={[Function]}
          onKeyDown={[Function]}
          onKeyUp={[Function]}
          onMouseDown={[Function]}
          onMouseLeave={[Function]}
          onMouseUp={[Function]}
          onTouchEnd={[Function]}
          onTouchMove={[Function]}
          onTouchStart={[Function]}
          tabIndex={0}
        >
          <img
            alt=""
            height="32"
            src="/logo64.png"
            width="32"
          />
        </a>
        <div
          className="MuiTypography-root MuiTypography-h6 css-1juivf6-MuiTypography-root"
        >
          Мастер списков
        </div>
        <button
          className="MuiButton-root MuiButton-text MuiButton-textInherit MuiButton-sizeMedium MuiButton-textSizeMedium MuiButton-colorInherit MuiButtonBase-root  css-1y942vo-MuiButtonBase-root-MuiButton-root"
          disabled={false}
          onBlur={[Function]}
          onClick={[Function]}
          onContextMenu={[Function]}
          onDragLeave={[Function]}
          onFocus={[Function]}
          onKeyDown={[Function]}
          onKeyUp={[Function]}
          onMouseDown={[Function]}
          onMouseLeave={[Function]}
          onMouseUp={[Function]}
          onTouchEnd={[Function]}
          onTouchMove={[Function]}
          onTouchStart={[Function]}
          tabIndex={0}
          type="button"
        >
          Войти
        </button>
      </div>
    </header>
  </div>,
  <div
    className="MuiContainer-root MuiContainer-maxWidthLg css-1oqqzyl-MuiContainer-root"
  >
    <div
      className="MuiBox-root css-i9gxme"
    >
      <div
        className="MuiGrid-root MuiGrid-container MuiGrid-spacing-xs-1 css-a5rdam-MuiGrid-root"
      >
        <div
          className="MuiGrid-root MuiGrid-container MuiGrid-item MuiGrid-spacing-xs-2 MuiGrid-spacing-md-4 MuiGrid-spacing-lg-6 css-1yzxgpl-MuiGrid-root"
        />
      </div>
    </div>
    <br />
    <div
      className="css-1p5q5e5-MuiStack-root"
    >
      <nav
        aria-label="pagination navigation"
        className="MuiPagination-root MuiPagination-text css-1oj2twp-MuiPagination-root"
      >
        <ul
          className="MuiPagination-ul css-wjh20t-MuiPagination-ul"
        >
          <li>
            <button
              aria-current="true"
              aria-label="page 1"
              className="MuiButtonBase-root MuiPaginationItem-root MuiPaginationItem-sizeMedium MuiPaginationItem-text MuiPaginationItem-circular MuiPaginationItem-textPrimary Mui-selected MuiPaginationItem-page css-1to7aaw-MuiButtonBase-root-MuiPaginationItem-root"
              disabled={false}
              onBlur={[Function]}
              onClick={[Function]}
              onContextMenu={[Function]}
              onDragLeave={[Function]}
              onFocus={[Function]}
              onKeyDown={[Function]}
              onKeyUp={[Function]}
              onMouseDown={[Function]}
              onMouseLeave={[Function]}
              onMouseUp={[Function]}
              onTouchEnd={[Function]}
              onTouchMove={[Function]}
              onTouchStart={[Function]}
              tabIndex={0}
              type="button"
            >
              1
            </button>
          </li>
        </ul>
      </nav>
    </div>
  </div>,
  <div />,
]
`;
